BL51 BANKED LINKER/LOCATER V6.22.2.0                                                    07/16/2022  15:22:53  PAGE 1


BL51 BANKED LINKER/LOCATER V6.22.2.0, INVOKED BY:
C:\KEIL_V5\C51\BIN\BL51.EXE .\Objects\TP1.obj TO .\Objects\TEST PRINT (.\Listings\TEST.m51)


MEMORY MODEL: SMALL


INPUT MODULES INCLUDED:
  .\Objects\TP1.obj (TP1)
  C:\KEIL_V5\C51\LIB\C51S.LIB (?C_STARTUP)
  C:\KEIL_V5\C51\LIB\C51S.LIB (?C?CLDOPTR)
  C:\KEIL_V5\C51\LIB\C51S.LIB (?C_INIT)


LINK MAP OF MODULE:  .\Objects\TEST (TP1)


            TYPE    BASE      LENGTH    RELOCATION   SEGMENT NAME
            -----------------------------------------------------

            * * * * * * *   D A T A   M E M O R Y   * * * * * * *
            REG     0000H     0008H     ABSOLUTE     "REG BANK 0"
            DATA    0008H     000CH     UNIT         ?DT?TP1
            DATA    0014H     0007H     UNIT         _DATA_GROUP_
            IDATA   001BH     0001H     UNIT         ?STACK

            * * * * * * *   C O D E   M E M O R Y   * * * * * * *
            CODE    0000H     0003H     ABSOLUTE     
                    0003H     07FDH                  *** GAP ***
            CODE    0800H     0116H     UNIT         ?PR?CHECK?TP1
            CODE    0916H     009EH     UNIT         ?CO?TP1
            CODE    09B4H     0099H     UNIT         ?PR?KEYPAD?TP1
            CODE    0A4DH     008CH     UNIT         ?C_C51STARTUP
            CODE    0AD9H     004EH     UNIT         ?PR?MAIN?TP1
            CODE    0B27H     0031H     UNIT         ?PR?_LCDDISPLAY?TP1
            CODE    0B58H     002DH     UNIT         ?C?LIB_CODE
            CODE    0B85H     0029H     UNIT         ?PR?_DELAY?TP1
            CODE    0BAEH     0015H     UNIT         ?PR?_LCDCMD?TP1
            CODE    0BC3H     000EH     UNIT         ?PR?_LCDDAT?TP1
            CODE    0BD1H     0009H     UNIT         ?C_INITSEG



OVERLAY MAP OF MODULE:   .\Objects\TEST (TP1)


SEGMENT                          DATA_GROUP 
  +--> CALLED SEGMENT          START    LENGTH
----------------------------------------------
?C_C51STARTUP                  -----    -----
  +--> ?PR?MAIN?TP1
  +--> ?C_INITSEG

?PR?MAIN?TP1                   0014H    0002H
  +--> ?PR?_LCDCMD?TP1
  +--> ?CO?TP1
  +--> ?PR?_LCDDISPLAY?TP1
  +--> ?PR?_DELAY?TP1
BL51 BANKED LINKER/LOCATER V6.22.2.0                                                  07/16/2022  15:22:53  PAGE 2


  +--> ?PR?KEYPAD?TP1
  +--> ?PR?CHECK?TP1

?PR?_LCDCMD?TP1                -----    -----
  +--> ?PR?_DELAY?TP1

?PR?_DELAY?TP1                 -----    -----
  +--> ?PR?_LCDDAT?TP1

?PR?_LCDDISPLAY?TP1            0016H    0005H
  +--> ?PR?_LCDDAT?TP1
  +--> ?PR?_DELAY?TP1

?PR?KEYPAD?TP1                 -----    -----
  +--> ?PR?_DELAY?TP1

?PR?CHECK?TP1                  -----    -----
  +--> ?PR?_DELAY?TP1
  +--> ?PR?_LCDCMD?TP1
  +--> ?CO?TP1
  +--> ?PR?_LCDDISPLAY?TP1



SYMBOL TABLE OF MODULE:  .\Objects\TEST (TP1)

  VALUE           TYPE          NAME
  ----------------------------------

  -------         MODULE        TP1
  C:0000H         SYMBOL        _ICE_DUMMY_
  C:0800H         PUBLIC        check
  D:0090H         PUBLIC        P1
  C:09B4H         PUBLIC        keypad
  D:00A0H         PUBLIC        P2
  D:00B0H         PUBLIC        P3
  D:0008H         PUBLIC        Epin
  B:00B0H.0       PUBLIC        keycolumn1
  B:00B0H.1       PUBLIC        keycolumn2
  B:00B0H.2       PUBLIC        keycolumn3
  C:0B8EH         PUBLIC        _delay
  C:0AD9H         PUBLIC        main
  B:00B0H.3       PUBLIC        motorpin1
  C:0B27H         PUBLIC        _lcddisplay
  B:00B0H.4       PUBLIC        motorpin2
  D:000DH         PUBLIC        pin
  D:0013H         PUBLIC        dn
  B:00B0H.7       PUBLIC        en
  B:00A0H.0       PUBLIC        keyrow1
  B:00A0H.1       PUBLIC        keyrow2
  B:00A0H.2       PUBLIC        keyrow3
  B:00A0H.3       PUBLIC        keyrow4
  B:00B0H.5       PUBLIC        rs
  B:00B0H.6       PUBLIC        rw
  C:0BB5H         PUBLIC        _lcdcmd
  C:0BC3H         PUBLIC        _lcddat
  -------         PROC          MAIN
BL51 BANKED LINKER/LOCATER V6.22.2.0                                                  07/16/2022  15:22:53  PAGE 3


  -------         DO            
  D:0014H         SYMBOL        i
  -------         ENDDO         
  C:0AD9H         LINE#         40
  C:0AD9H         LINE#         41
  C:0AD9H         LINE#         42
  C:0ADEH         LINE#         43
  C:0AE3H         LINE#         44
  C:0AE8H         LINE#         46
  C:0AE8H         LINE#         47
  C:0AE8H         LINE#         48
  C:0AEDH         LINE#         49
  C:0AF2H         LINE#         50
  C:0AFBH         LINE#         51
  C:0AFEH         LINE#         52
  C:0B03H         LINE#         53
  C:0B0BH         LINE#         54
  C:0B0BH         LINE#         55
  C:0B15H         LINE#         56
  C:0B18H         LINE#         57
  C:0B20H         LINE#         58
  C:0B22H         LINE#         59
  C:0B25H         LINE#         60
  -------         ENDPROC       MAIN
  C:0B85H         SYMBOL        L?0052
  C:0B8AH         SYMBOL        L?0053
  -------         PROC          L?0051
  -------         ENDPROC       L?0051
  C:0B85H         SYMBOL        L?0052
  C:0B8AH         SYMBOL        L?0053
  -------         PROC          _DELAY
  D:0006H         SYMBOL        j
  -------         DO            
  D:0004H         SYMBOL        a
  D:0002H         SYMBOL        b
  -------         ENDDO         
  C:0B8EH         LINE#         64
  C:0B8EH         LINE#         65
  C:0B8EH         LINE#         67
  C:0B98H         LINE#         68
  C:0B98H         LINE#         69
  C:0BA6H         LINE#         70
  C:0BADH         LINE#         71
  -------         ENDPROC       _DELAY
  C:0BAEH         SYMBOL        L?0055
  -------         PROC          L?0054
  -------         ENDPROC       L?0054
  C:0BAEH         SYMBOL        L?0055
  -------         PROC          _LCDCMD
  D:0007H         SYMBOL        A
  C:0BB5H         LINE#         74
  C:0BB5H         LINE#         75
  C:0BB5H         LINE#         76
  C:0BB7H         LINE#         77
  C:0BB9H         LINE#         78
  C:0BBBH         LINE#         79
  C:0BBDH         LINE#         80
BL51 BANKED LINKER/LOCATER V6.22.2.0                                                  07/16/2022  15:22:53  PAGE 4


  C:0BC0H         LINE#         81
  C:0BC2H         LINE#         82
  -------         ENDPROC       _LCDCMD
  -------         PROC          _LCDDAT
  D:0007H         SYMBOL        i
  C:0BC3H         LINE#         86
  C:0BC3H         LINE#         87
  C:0BC3H         LINE#         88
  C:0BC5H         LINE#         89
  C:0BC7H         LINE#         90
  C:0BC9H         LINE#         91
  C:0BCBH         LINE#         92
  C:0BCEH         LINE#         93
  C:0BD0H         LINE#         94
  -------         ENDPROC       _LCDDAT
  -------         PROC          _LCDDISPLAY
  D:0016H         SYMBOL        q
  -------         DO            
  D:0019H         SYMBOL        k
  -------         ENDDO         
  C:0B27H         LINE#         98
  C:0B2DH         LINE#         99
  C:0B2DH         LINE#         101
  C:0B44H         LINE#         102
  C:0B44H         LINE#         103
  C:0B47H         LINE#         104
  C:0B51H         LINE#         105
  -------         ENDPROC       _LCDDISPLAY
  -------         PROC          KEYPAD
  -------         DO            
  D:0006H         SYMBOL        x
  -------         ENDDO         
  C:09B4H         LINE#         110
  C:09B4H         LINE#         111
  C:09B4H         LINE#         112
  C:09B7H         LINE#         113
  C:09BEH         LINE#         114
  C:09BEH         LINE#         116
  C:09C0H         LINE#         117
  C:09C2H         LINE#         118
  C:09C4H         LINE#         119
  C:09C6H         LINE#         120
  C:09C9H         LINE#         121
  C:09C9H         LINE#         122
  C:09C9H         LINE#         123
  C:09CCH         LINE#         124
  C:09CCH         LINE#         125
  C:09CFH         LINE#         126
  C:09CFH         LINE#         127
  C:09D2H         LINE#         128
  C:09D2H         LINE#         129
  C:09D2H         LINE#         130
  C:09D5H         LINE#         131
  C:09D5H         LINE#         132
  C:09D8H         LINE#         133
  C:09D8H         LINE#         134
  C:09DBH         LINE#         135
BL51 BANKED LINKER/LOCATER V6.22.2.0                                                  07/16/2022  15:22:53  PAGE 5


  C:09DBH         LINE#         136
  C:09DBH         LINE#         137
  C:09DEH         LINE#         138
  C:09DEH         LINE#         139
  C:09E1H         LINE#         140
  C:09E1H         LINE#         142
  C:09E3H         LINE#         143
  C:09E5H         LINE#         144
  C:09E7H         LINE#         145
  C:09E9H         LINE#         147
  C:09ECH         LINE#         148
  C:09ECH         LINE#         149
  C:09ECH         LINE#         150
  C:09EFH         LINE#         151
  C:09EFH         LINE#         152
  C:09F2H         LINE#         153
  C:09F2H         LINE#         154
  C:09F5H         LINE#         155
  C:09F5H         LINE#         156
  C:09F5H         LINE#         157
  C:09F8H         LINE#         158
  C:09F8H         LINE#         159
  C:09FBH         LINE#         160
  C:09FBH         LINE#         161
  C:09FEH         LINE#         162
  C:09FEH         LINE#         163
  C:09FEH         LINE#         164
  C:0A01H         LINE#         165
  C:0A01H         LINE#         166
  C:0A04H         LINE#         167
  C:0A04H         LINE#         170
  C:0A06H         LINE#         171
  C:0A08H         LINE#         172
  C:0A0AH         LINE#         173
  C:0A0CH         LINE#         174
  C:0A0FH         LINE#         175
  C:0A0FH         LINE#         176
  C:0A0FH         LINE#         177
  C:0A12H         LINE#         178
  C:0A12H         LINE#         179
  C:0A15H         LINE#         180
  C:0A15H         LINE#         181
  C:0A18H         LINE#         182
  C:0A18H         LINE#         183
  C:0A18H         LINE#         184
  C:0A1BH         LINE#         185
  C:0A1BH         LINE#         186
  C:0A1EH         LINE#         187
  C:0A1EH         LINE#         188
  C:0A21H         LINE#         189
  C:0A21H         LINE#         190
  C:0A21H         LINE#         191
  C:0A24H         LINE#         192
  C:0A24H         LINE#         193
  C:0A27H         LINE#         194
  C:0A27H         LINE#         197
  C:0A29H         LINE#         198
BL51 BANKED LINKER/LOCATER V6.22.2.0                                                  07/16/2022  15:22:53  PAGE 6


  C:0A2BH         LINE#         199
  C:0A2DH         LINE#         200
  C:0A2FH         LINE#         202
  C:0A32H         LINE#         203
  C:0A32H         LINE#         204
  C:0A32H         LINE#         205
  C:0A35H         LINE#         206
  C:0A35H         LINE#         207
  C:0A38H         LINE#         208
  C:0A38H         LINE#         209
  C:0A3BH         LINE#         210
  C:0A3BH         LINE#         211
  C:0A3BH         LINE#         212
  C:0A3EH         LINE#         213
  C:0A3EH         LINE#         214
  C:0A41H         LINE#         215
  C:0A41H         LINE#         216
  C:0A47H         LINE#         217
  C:0A47H         LINE#         218
  C:0A47H         LINE#         219
  C:0A4AH         LINE#         220
  C:0A4AH         LINE#         221
  C:0A4CH         LINE#         222
  C:0A4CH         LINE#         223
  C:0A4CH         LINE#         224
  -------         ENDPROC       KEYPAD
  -------         PROC          CHECK
  C:0800H         LINE#         228
  C:0800H         LINE#         229
  C:0800H         LINE#         231
  C:082DH         LINE#         232
  C:082DH         LINE#         233
  C:0830H         LINE#         234
  C:0835H         LINE#         235
  C:083AH         LINE#         237
  C:0843H         LINE#         238
  C:0846H         LINE#         240
  C:0848H         LINE#         241
  C:084AH         LINE#         242
  C:084FH         LINE#         244
  C:0858H         LINE#         246
  C:085FH         LINE#         247
  C:085FH         LINE#         248
  C:0862H         LINE#         249
  C:086BH         LINE#         250
  C:087AH         LINE#         251
  C:087AH         LINE#         252
  C:0880H         LINE#         253
  C:0889H         LINE#         254
  C:088CH         LINE#         255
  C:088CH         LINE#         256
  C:088FH         LINE#         257
  C:0895H         LINE#         258
  C:089EH         LINE#         259
  C:08A1H         LINE#         260
  C:08A1H         LINE#         261
  C:08A4H         LINE#         262
BL51 BANKED LINKER/LOCATER V6.22.2.0                                                  07/16/2022  15:22:53  PAGE 7


  C:08AAH         LINE#         263
  C:08B3H         LINE#         264
  C:08B6H         LINE#         265
  C:08B6H         LINE#         266
  C:08B9H         LINE#         267
  C:08BFH         LINE#         268
  C:08C8H         LINE#         269
  C:08CBH         LINE#         270
  C:08CBH         LINE#         271
  C:08CEH         LINE#         272
  C:08D4H         LINE#         273
  C:08DDH         LINE#         274
  C:08E0H         LINE#         275
  C:08E0H         LINE#         276
  C:08E3H         LINE#         277
  C:08E7H         LINE#         278
  C:08F0H         LINE#         279
  C:08F3H         LINE#         280
  C:08F3H         LINE#         281
  C:08F6H         LINE#         282
  C:08FBH         LINE#         283
  C:08FDH         LINE#         284
  C:08FFH         LINE#         285
  C:08FFH         LINE#         286
  C:0901H         LINE#         288
  C:0901H         LINE#         289
  C:0901H         LINE#         290
  C:0904H         LINE#         291
  C:090DH         LINE#         292
  C:0910H         LINE#         293
  C:0915H         LINE#         294
  C:0915H         LINE#         295
  -------         ENDPROC       CHECK
  -------         ENDMOD        TP1

  -------         MODULE        ?C?CLDOPTR
  C:0B58H         PUBLIC        ?C?CLDOPTR
  -------         ENDMOD        ?C?CLDOPTR

******************************************************************************
* RESTRICTED VERSION WITH 0800H BYTE CODE SIZE LIMIT; USED: 0320H BYTE (39%) *
******************************************************************************

Program Size: data=28.0 xdata=0 code=989
LINK/LOCATE RUN COMPLETE.  0 WARNING(S),  0 ERROR(S)
